// Jest Snapshot v1, https://goo.gl/fbAQLP

exports[`Todo matches snapshot 1`] = `
<div>
  <div
    class="Todo"
  >
    <div>
      <b>
        Test Title
      </b>
       
      <small>
        (priority: 
        2
        )
      </small>
    </div>
    <div>
      <small>
        Test Description
      </small>
    </div>
  </div>
</div>
`;
